[mesquiteproject.wikispaces.com/_48cc]
[backblue.gif]
[fade.gif]
[index.html]
[mesquiteproject.wikispaces.com/index.html]
[mesquiteproject.wikispaces.com/index4d38.html]
[mesquiteproject.wikispaces.com/Mesquite]
[mesquiteproject.wikispaces.com/home.html]
[mesquiteproject.wikispaces.com/Introduction to Mesquite.html]
[mesquiteproject.wikispaces.com/Mesquite's Features.html]
[mesquiteproject.wikispaces.com/Development Team.html]
[mesquiteproject.wikispaces.com/Contact Us.html]
[mesquiteproject.wikispaces.com/History of New Features.html]
[mesquiteproject.wikispaces.com/Installation.html]
[mesquiteproject.wikispaces.com/Additional Mesquite Packages.html]
[mesquiteproject.wikispaces.com/Beginning Mesquite.html]
[mesquiteproject.wikispaces.com/Example Files.html]
[mesquiteproject.wikispaces.com/Files.html]
[mesquiteproject.wikispaces.com/Menus.html]
[mesquiteproject.wikispaces.com/Windows.html]
[mesquiteproject.wikispaces.com/Charts.html]
[mesquiteproject.wikispaces.com/Selection.html]
[mesquiteproject.wikispaces.com/Modules.html]
[mesquiteproject.wikispaces.com/Simplifying the Interface.html]
[mesquiteproject.wikispaces.com/Characters & Matrices.html]
[mesquiteproject.wikispaces.com/Taxa.html]
[mesquiteproject.wikispaces.com/Character Evolution.html]
[mesquiteproject.wikispaces.com/Trees.html]
[mesquiteproject.wikispaces.com/Diversification.html]
[mesquiteproject.wikispaces.com/Analyzing Molecular Data.html]
[mesquiteproject.wikispaces.com/Gene Trees.html]
[mesquiteproject.wikispaces.com/Simulations & Randomizations.html]
[mesquiteproject.wikispaces.com/Analyzing Continuous Characters.html]
[mesquiteproject.wikispaces.com/Studies of Tree Topology.html]
[mesquiteproject.wikispaces.com/Managing Molecular Data.html]
[mesquiteproject.wikispaces.com/Managing Continuous Data.html]
[mesquiteproject.wikispaces.com/Interactions with Other Programs.html]
[mesquiteproject.wikispaces.com/Learning how to use Mesquite.html]
[mesquiteproject.wikispaces.com/Bugs and Troubleshooting.html]
[mesquiteproject.wikispaces.com/Getting Help.html]
[mesquiteproject.wikispaces.com/Suggesting New Features.html]
[mesquiteproject.wikispaces.com/Glossary.html]
[mesquiteproject.wikispaces.com/FAQ.html]
[mesquiteproject.wikispaces.com/How Mesquite Works.html]
[mesquiteproject.wikispaces.com/Scripts & Macros.html]
[mesquiteproject.wikispaces.com/Source Code.html]
[mesquiteproject.wikispaces.com/Developer's Documentation.html]
[mesquiteproject.wikispaces.com/Why_]
[mesquiteproject.wikispaces.com/History of Mesquite.html]
[mesquiteproject.wikispaces.com/Why+Mesquite_.html]
[mesquiteproject.wikispaces.com/Release Dates.html]
[mesquiteproject.wikispaces.com/Documenting Your Work.html]
[mesquiteproject.wikispaces.com/How to Cite Mesquite.html]
[mesquiteproject.wikispaces.com/Publishing Results.html]
[mesquiteproject.wikispaces.com/Acknowledgements.html]
[mesquiteproject.wikispaces.com/home06c1.html]
[mesquiteproject.wikispaces.com/download]
[mesquiteproject.wikispaces.com/index4d38.html]
[mesquiteproject.wikispaces.com/Mesquite]
[mesquiteproject.wikispaces.com/download]
[mesquiteproject.wikispaces.com/home.html]
[mesquiteproject.wikispaces.com/Mesquite]
[mesquiteproject.wikispaces.com/Introduction+to+Mesquite.html]
[mesquiteproject.wikispaces.com/Introduction to Mesquite.html]
[mesquiteproject.wikispaces.com/Introduction+to+Mesquite06c1.html]
[mesquiteproject.wikispaces.com/Mesquite]
[mesquiteproject.wikispaces.com/Mesquite's+Features.html]
[mesquiteproject.wikispaces.com/Mesquite's+Features06c1.html]
[mesquiteproject.wikispaces.com/Ancestral States.html]
[mesquiteproject.wikispaces.com/Processes of Character Evolution.html]
[mesquiteproject.wikispaces.com/Mesquite's Features.html]
[mesquiteproject.wikispaces.com/Testing monophyly of a group of beetles.html]
[mesquiteproject.wikispaces.com/Mesquite]
[mesquiteproject.wikispaces.com/Are strepsipterans related to flies_.html]
[mesquiteproject.wikispaces.com/History of New Features.html]
[mesquiteproject.wikispaces.com/Mesquite]
[mesquiteproject.wikispaces.com/History+of+New+Features.html]
[mesquiteproject.wikispaces.com/History+of+New+Features06c1.html]
[mesquiteproject.wikispaces.com/Development+Team.html]
[mesquiteproject.wikispaces.com/Development Team.html]
[mesquiteproject.wikispaces.com/Development+Team06c1.html]
[mesquiteproject.wikispaces.com/Mesquite]
[mesquiteproject.wikispaces.com/Contact+Us.html]
[mesquiteproject.wikispaces.com/Contact+Us06c1.html]
[mesquiteproject.wikispaces.com/Contact Us.html]
[mesquiteproject.wikispaces.com/Mesquite]
[mesquiteproject.wikispaces.com/Installation06c1.html]
[mesquiteproject.wikispaces.com/Installation on MacOS X.html]
[mesquiteproject.wikispaces.com/Installation on Windows.html]
[mesquiteproject.wikispaces.com/Installation.html]
[mesquiteproject.wikispaces.com/Installation on Linux.html]
[mesquiteproject.wikispaces.com/Mesquite]
[mesquiteproject.wikispaces.com/Additional+Mesquite+Packages.html]
[mesquiteproject.wikispaces.com/Additional Mesquite Packages.html]
[mesquiteproject.wikispaces.com/Additional+Mesquite+Packages06c1.html]
[mesquiteproject.wikispaces.com/Mesquite]
[mesquiteproject.wikispaces.com/Beginning+Mesquite.html]
[mesquiteproject.wikispaces.com/Beginning+Mesquite06c1.html]
[mesquiteproject.wikispaces.com/Beginning Mesquite.html]
[mesquiteproject.wikispaces.com/Mesquite]
[mesquiteproject.wikispaces.com/Example+Files.html]
[mesquiteproject.wikispaces.com/Example+Files06c1.html]
[mesquiteproject.wikispaces.com/Example Files.html]
[mesquiteproject.wikispaces.com/Mesquite]
[mesquiteproject.wikispaces.com/Files06c1.html]
[mesquiteproject.wikispaces.com/Files.html]
[mesquiteproject.wikispaces.com/Mesquite]
[mesquiteproject.wikispaces.com/Menus06c1.html]
[mesquiteproject.wikispaces.com/Menus.html]
[mesquiteproject.wikispaces.com/Mesquite]
[mesquiteproject.wikispaces.com/Windows06c1.html]
[mesquiteproject.wikispaces.com/Windows.html]
[mesquiteproject.wikispaces.com/Mesquite]
[mesquiteproject.wikispaces.com/Charts.html]
[mesquiteproject.wikispaces.com/Charts06c1.html]
[mesquiteproject.wikispaces.com/Mesquite]
[mesquiteproject.wikispaces.com/Selection06c1.html]
[mesquiteproject.wikispaces.com/Selection.html]
[mesquiteproject.wikispaces.com/Mesquite]
[mesquiteproject.wikispaces.com/Modules06c1.html]
[mesquiteproject.wikispaces.com/Modules.html]
[mesquiteproject.wikispaces.com/Mesquite]
[mesquiteproject.wikispaces.com/Simplifying+the+Interface.html]
[mesquiteproject.wikispaces.com/Simplifying the Interface.html]
[mesquiteproject.wikispaces.com/Simplifying+the+Interface06c1.html]
[mesquiteproject.wikispaces.com/Mesquite]
[mesquiteproject.wikispaces.com/Characters+&+Matrices.html]
[mesquiteproject.wikispaces.com/Characters & Matrices.html]
[mesquiteproject.wikispaces.com/Mesquite]
[mesquiteproject.wikispaces.com/Characters+&+Matrices06c1.html]
[mesquiteproject.wikispaces.com/Taxa.html]
[mesquiteproject.wikispaces.com/Taxa06c1.html]
[mesquiteproject.wikispaces.com/Mesquite]
[mesquiteproject.wikispaces.com/Trees06c1.html]
[mesquiteproject.wikispaces.com/Simulating DNA Evolution.html]
[mesquiteproject.wikispaces.com/Trees.html]
[mesquiteproject.wikispaces.com/Mesquite]
[mesquiteproject.wikispaces.com/Tree Simulations.html]
[mesquiteproject.wikispaces.com/Character Evolution.html]
[mesquiteproject.wikispaces.com/Character+Evolution06c1.html]
[mesquiteproject.wikispaces.com/Character+Evolution.html]
[mesquiteproject.wikispaces.com/Mesquite.76.delayed]
[mesquiteproject.wikispaces.com/Diversification.html]
[mesquiteproject.wikispaces.com/Diversification06c1.html]
[mesquiteproject.wikispaces.com/Analyzing+Molecular+Data.html]
[mesquiteproject.wikispaces.com/Analyzing Molecular Data.html]
[mesquiteproject.wikispaces.com/Analyzing+Molecular+Data06c1.html]
[mesquiteproject.wikispaces.com/Gene Trees.html]
[mesquiteproject.wikispaces.com/Gene+Trees.html]
[mesquiteproject.wikispaces.com/Gene+Trees06c1.html]
[mesquiteproject.wikispaces.com/Simulations+&+Randomizations.html]
[mesquiteproject.wikispaces.com/Simulations+&+Randomizations06c1.html]
[mesquiteproject.wikispaces.com/Simulations & Randomizations.html]
[mesquiteproject.wikispaces.com/Simulating Characters.html]
[mesquiteproject.wikispaces.com/Analyzing Continuous Characters.html]
[mesquiteproject.wikispaces.com/Analyzing+Continuous+Characters.html]
[mesquiteproject.wikispaces.com/Analyzing+Continuous+Characters06c1.html]
[mesquiteproject.wikispaces.com/Studies of Tree Topology.html]
[mesquiteproject.wikispaces.com/Studies+of+Tree+Topology06c1.html]
[mesquiteproject.wikispaces.com/Studies+of+Tree+Topology.html]
[mesquiteproject.wikispaces.com/Managing Molecular Data.html]
[mesquiteproject.wikispaces.com/Managing+Molecular+Data.html]
[mesquiteproject.wikispaces.com/Managing+Molecular+Data06c1.html]
[mesquiteproject.wikispaces.com/Managing+Continuous+Data.html]
[mesquiteproject.wikispaces.com/Managing Continuous Data.html]
[mesquiteproject.wikispaces.com/Managing+Continuous+Data06c1.html]
[mesquiteproject.wikispaces.com/Interactions+with+Other+Programs.html]
[mesquiteproject.wikispaces.com/Interactions with Other Programs.html]
[mesquiteproject.wikispaces.com/Interactions+with+Other+Programs06c1.html]
[mesquiteproject.wikispaces.com/Learning+how+to+use+Mesquite.html]
[mesquiteproject.wikispaces.com/Learning how to use Mesquite.html]
[mesquiteproject.wikispaces.com/Learning+how+to+use+Mesquite06c1.html]
[mesquiteproject.wikispaces.com/Bugs+and+Troubleshooting.html]
[mesquiteproject.wikispaces.com/Bugs and Troubleshooting.html]
[mesquiteproject.wikispaces.com/Bugs+and+Troubleshooting06c1.html]
[mesquiteproject.wikispaces.com/Getting+Help.html]
[mesquiteproject.wikispaces.com/Getting Help.html]
[mesquiteproject.wikispaces.com/Getting+Help06c1.html]
[mesquiteproject.wikispaces.com/Suggesting+New+Features.html]
[mesquiteproject.wikispaces.com/Suggesting+New+Features06c1.html]
[mesquiteproject.wikispaces.com/Suggesting New Features.html]
[mesquiteproject.wikispaces.com/Glossary.html]
[mesquiteproject.wikispaces.com/Glossary06c1.html]
[mesquiteproject.wikispaces.com/FAQ06c1.html]
[mesquiteproject.wikispaces.com/Slatkin and Maddison.html]
[mesquiteproject.wikispaces.com/FAQ.html]
[mesquiteproject.wikispaces.com/Publication Quality Trees.html]
[mesquiteproject.wikispaces.com/How+Mesquite+Works.html]
[mesquiteproject.wikispaces.com/How Mesquite Works.html]
[mesquiteproject.wikispaces.com/How+Mesquite+Works06c1.html]
[mesquiteproject.wikispaces.com/Scripts & Macros.html]
[mesquiteproject.wikispaces.com/Scripts+&+Macros.html]
[mesquiteproject.wikispaces.com/Scripts+&+Macros06c1.html]
[mesquiteproject.wikispaces.com/Source Code.html]
[mesquiteproject.wikispaces.com/Source+Code.html]
[mesquiteproject.wikispaces.com/Developer's+Documentation.html]
[mesquiteproject.wikispaces.com/Developer's Documentation.html]
[mesquiteproject.wikispaces.com/Developer's+Documentation06c1.html]
[mesquiteproject.wikispaces.com/Source+Code06c1.html]
[mesquiteproject.wikispaces.com/History of Mesquite.html]
[mesquiteproject.wikispaces.com/History+of+Mesquite.html]
[mesquiteproject.wikispaces.com/History+of+Mesquite06c1.html]
[mesquiteproject.wikispaces.com/Why+Mesquite_06c1.html]
[mesquiteproject.wikispaces.com/Why+Mesquite_.html]
[mesquiteproject.wikispaces.com/Why Mesquite_.html]
[mesquiteproject.wikispaces.com/Release+Dates.html]
[mesquiteproject.wikispaces.com/Release Dates.html]
[mesquiteproject.wikispaces.com/Release+Dates06c1.html]
[mesquiteproject.wikispaces.com/Documenting+Your+Work.html]
[mesquiteproject.wikispaces.com/Documenting Your Work.html]
[mesquiteproject.wikispaces.com/Documenting+Your+Work06c1.html]
[mesquiteproject.wikispaces.com/How+to+Cite+Mesquite.html]
[mesquiteproject.wikispaces.com/How to Cite Mesquite.html]
[mesquiteproject.wikispaces.com/How+to+Cite+Mesquite06c1.html]
[mesquiteproject.wikispaces.com/Publishing+Results.html]
[mesquiteproject.wikispaces.com/Publishing Results.html]
[mesquiteproject.wikispaces.com/Publishing+Results06c1.html]
[mesquiteproject.wikispaces.com/Acknowledgements.html]
[mesquiteproject.wikispaces.com/Acknowledgements06c1.html]
[mesquiteproject.wikispaces.com/download]
[mesquiteproject.wikispaces.com/home06c1.html]
[mesquiteproject.wikispaces.com/s/blank.html]
[mesquiteproject.wikispaces.com/Introduction+to+Mesquite.html]
[mesquiteproject.wikispaces.com/Introduction+to+Mesquite06c1.html]
[mesquiteproject.wikispaces.com/Mesquite's+Features.html]
[mesquiteproject.wikispaces.com/Mesquite's+Features06c1.html]
[mesquiteproject.wikispaces.com/Ancestral+States.html]
[mesquiteproject.wikispaces.com/Ancestral States.html]
[mesquiteproject.wikispaces.com/Ancestral+States06c1.html]
[mesquiteproject.wikispaces.com/Processes+of+Character+Evolution.html]
[mesquiteproject.wikispaces.com/Processes+of+Character+Evolution06c1.html]
[mesquiteproject.wikispaces.com/Processes of Character Evolution.html]
[mesquiteproject.wikispaces.com/Pagel Correlation Method.html]
[mesquiteproject.wikispaces.com/Testing monophyly of a group of beetles.html]
[mesquiteproject.wikispaces.com/Testing+monophyly+of+a+group+of+beetles.html]
[mesquiteproject.wikispaces.com/Testing+monophyly+of+a+group+of+beetles06c1.html]
[mesquiteproject.wikispaces.com/Are strepsipterans related to flies_.html]
[mesquiteproject.wikispaces.com/History+of+New+Features.html]
[mesquiteproject.wikispaces.com/History+of+New+Features06c1.html]
[mesquiteproject.wikispaces.com/Development+Team.html]
[mesquiteproject.wikispaces.com/Development+Team06c1.html]
[mesquiteproject.wikispaces.com/Contact+Us.html]
[mesquiteproject.wikispaces.com/Contact+Us06c1.html]
[mesquiteproject.wikispaces.com/Installation06c1.html]
[mesquiteproject.wikispaces.com/Are+strepsipterans+related+to+flies_06c1.html]
[mesquiteproject.wikispaces.com/Are+strepsipterans+related+to+flies_.html]
[mesquiteproject.wikispaces.com/Installation+on+MacOS+X.html]
[mesquiteproject.wikispaces.com/Installation on MacOS X.html]
[mesquiteproject.wikispaces.com/Installation+on+MacOS+X06c1.html]
[mesquiteproject.wikispaces.com/Installation+on+Windows.html]
[mesquiteproject.wikispaces.com/Installation+on+Windows06c1.html]
[mesquiteproject.wikispaces.com/Installation on Windows.html]
[mesquiteproject.wikispaces.com/Installation+on+Linux.html]
[mesquiteproject.wikispaces.com/Installation on Linux.html]
[mesquiteproject.wikispaces.com/Additional+Mesquite+Packages.html]
[mesquiteproject.wikispaces.com/Additional+Mesquite+Packages06c1.html]
[mesquiteproject.wikispaces.com/Beginning+Mesquite.html]
[mesquiteproject.wikispaces.com/Beginning+Mesquite06c1.html]
[mesquiteproject.wikispaces.com/Example+Files.html]
[mesquiteproject.wikispaces.com/Example+Files06c1.html]
[mesquiteproject.wikispaces.com/Files06c1.html]
[mesquiteproject.wikispaces.com/Menus06c1.html]
[mesquiteproject.wikispaces.com/Windows06c1.html]
[mesquiteproject.wikispaces.com/Charts06c1.html]
[mesquiteproject.wikispaces.com/Selection06c1.html]
[mesquiteproject.wikispaces.com/Modules06c1.html]
[mesquiteproject.wikispaces.com/Simplifying+the+Interface.html]
[mesquiteproject.wikispaces.com/Simplifying+the+Interface06c1.html]
[mesquiteproject.wikispaces.com/Characters+&+Matrices.html]
[mesquiteproject.wikispaces.com/Characters+&+Matrices06c1.html]
[mesquiteproject.wikispaces.com/Taxa06c1.html]
[mesquiteproject.wikispaces.com/Trees06c1.html]
[mesquiteproject.wikispaces.com/Installation+on+Linux06c1.html]
[mesquiteproject.wikispaces.com/Simulating+DNA+Evolution.html]
[mesquiteproject.wikispaces.com/Simulating DNA Evolution.html]
[mesquiteproject.wikispaces.com/Simulating+DNA+Evolution06c1.html]
[mesquiteproject.wikispaces.com/Tree Simulations.html]
[mesquiteproject.wikispaces.com/Character+Evolution.html]
[mesquiteproject.wikispaces.com/Character+Evolution06c1.html]
[mesquiteproject.wikispaces.com/Diversification06c1.html]
[mesquiteproject.wikispaces.com/Analyzing+Molecular+Data.html]
[mesquiteproject.wikispaces.com/Analyzing+Molecular+Data06c1.html]
[mesquiteproject.wikispaces.com/Gene+Trees.html]
[mesquiteproject.wikispaces.com/Gene+Trees06c1.html]
[mesquiteproject.wikispaces.com/Simulations+&+Randomizations.html]
[mesquiteproject.wikispaces.com/Simulations+&+Randomizations06c1.html]
[mesquiteproject.wikispaces.com/Tree+Simulations.html]
[mesquiteproject.wikispaces.com/Tree+Simulations06c1.html]
[mesquiteproject.wikispaces.com/Simulating Characters.html]
[mesquiteproject.wikispaces.com/Analyzing+Continuous+Characters.html]
[mesquiteproject.wikispaces.com/Analyzing+Continuous+Characters06c1.html]
[mesquiteproject.wikispaces.com/Studies+of+Tree+Topology.html]
[mesquiteproject.wikispaces.com/Studies+of+Tree+Topology06c1.html]
[mesquiteproject.wikispaces.com/Managing+Molecular+Data.html]
[mesquiteproject.wikispaces.com/Managing+Molecular+Data06c1.html]
[mesquiteproject.wikispaces.com/Managing+Continuous+Data.html]
[mesquiteproject.wikispaces.com/Managing+Continuous+Data06c1.html]
[mesquiteproject.wikispaces.com/Interactions+with+Other+Programs.html]
[mesquiteproject.wikispaces.com/Interactions+with+Other+Programs06c1.html]
[mesquiteproject.wikispaces.com/Learning+how+to+use+Mesquite.html]
[mesquiteproject.wikispaces.com/Learning+how+to+use+Mesquite06c1.html]
[mesquiteproject.wikispaces.com/Bugs+and+Troubleshooting.html]
[mesquiteproject.wikispaces.com/Bugs+and+Troubleshooting06c1.html]
[mesquiteproject.wikispaces.com/Getting+Help.html]
[mesquiteproject.wikispaces.com/Getting+Help06c1.html]
[mesquiteproject.wikispaces.com/Suggesting+New+Features.html]
[mesquiteproject.wikispaces.com/Suggesting+New+Features06c1.html]
[mesquiteproject.wikispaces.com/Glossary06c1.html]
[mesquiteproject.wikispaces.com/FAQ06c1.html]
[mesquiteproject.wikispaces.com/Simulating+Characters.html]
[mesquiteproject.wikispaces.com/Simulating+Characters06c1.html]
[mesquiteproject.wikispaces.com/Slatkin and Maddison.html]
[mesquiteproject.wikispaces.com/Slatkin+and+Maddison.html]
[mesquiteproject.wikispaces.com/Slatkin+and+Maddison06c1.html]
[mesquiteproject.wikispaces.com/Publication Quality Trees.html]
[mesquiteproject.wikispaces.com/How+Mesquite+Works.html]
[mesquiteproject.wikispaces.com/How+Mesquite+Works06c1.html]
[mesquiteproject.wikispaces.com/Scripts+&+Macros.html]
[mesquiteproject.wikispaces.com/Scripts+&+Macros06c1.html]
[mesquiteproject.wikispaces.com/Source+Code.html]
[mesquiteproject.wikispaces.com/Source+Code06c1.html]
[mesquiteproject.wikispaces.com/Developer's+Documentation.html]
[mesquiteproject.wikispaces.com/Developer's+Documentation06c1.html]
[mesquiteproject.wikispaces.com/History+of+Mesquite.html]
[mesquiteproject.wikispaces.com/History+of+Mesquite06c1.html]
[mesquiteproject.wikispaces.com/Why+Mesquite_06c1.html]
[mesquiteproject.wikispaces.com/Why Mesquite_.html]
[mesquiteproject.wikispaces.com/Release+Dates.html]
[mesquiteproject.wikispaces.com/Release+Dates06c1.html]
[mesquiteproject.wikispaces.com/Documenting+Your+Work.html]
[mesquiteproject.wikispaces.com/Documenting+Your+Work06c1.html]
[mesquiteproject.wikispaces.com/How+to+Cite+Mesquite.html]
[mesquiteproject.wikispaces.com/How+to+Cite+Mesquite06c1.html]
[mesquiteproject.wikispaces.com/Publishing+Results.html]
[mesquiteproject.wikispaces.com/Publishing+Results06c1.html]
[mesquiteproject.wikispaces.com/Acknowledgements06c1.html]
[mesquiteproject.wikispaces.com/Ancestral+States.html]
[mesquiteproject.wikispaces.com/Ancestral+States06c1.html]
[mesquiteproject.wikispaces.com/Processes+of+Character+Evolution.html]
[mesquiteproject.wikispaces.com/Processes+of+Character+Evolution06c1.html]
[mesquiteproject.wikispaces.com/Publication+Quality+Trees.html]
[mesquiteproject.wikispaces.com/Publication+Quality+Trees06c1.html]
[mesquiteproject.wikispaces.com/Pagel Correlation Method.html]
[mesquiteproject.wikispaces.com/Testing+monophyly+of+a+group+of+beetles.html]
[mesquiteproject.wikispaces.com/Testing+monophyly+of+a+group+of+beetles06c1.html]
[mesquiteproject.wikispaces.com/Are+strepsipterans+related+to+flies_.html]
[mesquiteproject.wikispaces.com/Are+strepsipterans+related+to+flies_06c1.html]
[mesquiteproject.wikispaces.com/Installation+on+MacOS+X.html]
[mesquiteproject.wikispaces.com/Installation+on+MacOS+X06c1.html]
[mesquiteproject.wikispaces.com/Installation+on+Windows.html]
[mesquiteproject.wikispaces.com/Installation+on+Windows06c1.html]
[mesquiteproject.wikispaces.com/Installation+on+Linux.html]
[mesquiteproject.wikispaces.com/Installation+on+Linux06c1.html]
[mesquiteproject.wikispaces.com/Simulating+DNA+Evolution.html]
[mesquiteproject.wikispaces.com/Simulating+DNA+Evolution06c1.html]
[mesquiteproject.wikispaces.com/Tree+Simulations.html]
[mesquiteproject.wikispaces.com/Tree+Simulations06c1.html]
[mesquiteproject.wikispaces.com/Simulating+Characters.html]
[mesquiteproject.wikispaces.com/Simulating+Characters06c1.html]
[mesquiteproject.wikispaces.com/Slatkin+and+Maddison.html]
[mesquiteproject.wikispaces.com/Slatkin+and+Maddison06c1.html]
[mesquiteproject.wikispaces.com/Publication+Quality+Trees.html]
[mesquiteproject.wikispaces.com/Publication+Quality+Trees06c1.html]
[mesquiteproject.wikispaces.com/Pagel+Correlation+Method.html]
[mesquiteproject.wikispaces.com/Pagel+Correlation+Method.html]
[mesquiteproject.wikispaces.com/Pagel+Correlation+Method06c1.html]
[mesquiteproject.wikispaces.com/Pagel+Correlation+Method06c1.html]
